  Determining projects to restore...
G:\Discount Manager\src\Modules\DiscountManager.Modules.Catalog\DiscountManager.Modules.Catalog.csproj : warning NU1903: Package 'Newtonsoft.Json' 9.0.1 has a known high severity vulnerability, https://github.com/advisories/GHSA-5crp-9r3c-p9vr [G:\Discount Manager\tests\DiscountManager.Tests.Integration\DiscountManager.Tests.Integration.csproj]
G:\Discount Manager\src\Modules\DiscountManager.Modules.Shops\DiscountManager.Modules.Shops.csproj : warning NU1903: Package 'Newtonsoft.Json' 9.0.1 has a known high severity vulnerability, https://github.com/advisories/GHSA-5crp-9r3c-p9vr [G:\Discount Manager\tests\DiscountManager.Tests.Integration\DiscountManager.Tests.Integration.csproj]
G:\Discount Manager\src\Modules\DiscountManager.Modules.Search\DiscountManager.Modules.Search.csproj : warning NU1903: Package 'Newtonsoft.Json' 9.0.1 has a known high severity vulnerability, https://github.com/advisories/GHSA-5crp-9r3c-p9vr [G:\Discount Manager\tests\DiscountManager.Tests.Integration\DiscountManager.Tests.Integration.csproj]
G:\Discount Manager\src\Modules\DiscountManager.Modules.Discount\DiscountManager.Modules.Discount.csproj : warning NU1903: Package 'Newtonsoft.Json' 9.0.1 has a known high severity vulnerability, https://github.com/advisories/GHSA-5crp-9r3c-p9vr [G:\Discount Manager\tests\DiscountManager.Tests.Integration\DiscountManager.Tests.Integration.csproj]
G:\Discount Manager\src\Modules\DiscountManager.Modules.Inventory\DiscountManager.Modules.Inventory.csproj : warning NU1903: Package 'Newtonsoft.Json' 9.0.1 has a known high severity vulnerability, https://github.com/advisories/GHSA-5crp-9r3c-p9vr [G:\Discount Manager\tests\DiscountManager.Tests.Integration\DiscountManager.Tests.Integration.csproj]
G:\Discount Manager\src\Modules\DiscountManager.Modules.Ordering\DiscountManager.Modules.Ordering.csproj : warning NU1510: PackageReference System.Net.Http.Json will not be pruned. Consider removing this package from your dependencies, as it is likely unnecessary. [G:\Discount Manager\tests\DiscountManager.Tests.Integration\DiscountManager.Tests.Integration.csproj]
G:\Discount Manager\src\Modules\DiscountManager.Modules.Basket\DiscountManager.Modules.Basket.csproj : warning NU1903: Package 'Newtonsoft.Json' 9.0.1 has a known high severity vulnerability, https://github.com/advisories/GHSA-5crp-9r3c-p9vr [G:\Discount Manager\tests\DiscountManager.Tests.Integration\DiscountManager.Tests.Integration.csproj]
  All projects are up-to-date for restore.
G:\Discount Manager\src\Modules\DiscountManager.Modules.Ordering\DiscountManager.Modules.Ordering.csproj : warning NU1510: PackageReference System.Net.Http.Json will not be pruned. Consider removing this package from your dependencies, as it is likely unnecessary.
G:\Discount Manager\src\Modules\DiscountManager.Modules.Discount\DiscountManager.Modules.Discount.csproj : warning NU1903: Package 'Newtonsoft.Json' 9.0.1 has a known high severity vulnerability, https://github.com/advisories/GHSA-5crp-9r3c-p9vr
G:\Discount Manager\src\Modules\DiscountManager.Modules.Catalog\DiscountManager.Modules.Catalog.csproj : warning NU1903: Package 'Newtonsoft.Json' 9.0.1 has a known high severity vulnerability, https://github.com/advisories/GHSA-5crp-9r3c-p9vr
G:\Discount Manager\src\Modules\DiscountManager.Modules.Basket\DiscountManager.Modules.Basket.csproj : warning NU1903: Package 'Newtonsoft.Json' 9.0.1 has a known high severity vulnerability, https://github.com/advisories/GHSA-5crp-9r3c-p9vr
G:\Discount Manager\src\Modules\DiscountManager.Modules.Inventory\DiscountManager.Modules.Inventory.csproj : warning NU1903: Package 'Newtonsoft.Json' 9.0.1 has a known high severity vulnerability, https://github.com/advisories/GHSA-5crp-9r3c-p9vr
G:\Discount Manager\src\Modules\DiscountManager.Modules.Search\DiscountManager.Modules.Search.csproj : warning NU1903: Package 'Newtonsoft.Json' 9.0.1 has a known high severity vulnerability, https://github.com/advisories/GHSA-5crp-9r3c-p9vr
G:\Discount Manager\src\Modules\DiscountManager.Modules.Shops\DiscountManager.Modules.Shops.csproj : warning NU1903: Package 'Newtonsoft.Json' 9.0.1 has a known high severity vulnerability, https://github.com/advisories/GHSA-5crp-9r3c-p9vr
  DiscountManager.Shared.SharedKernel -> G:\Discount Manager\src\Shared\DiscountManager.Shared.SharedKernel\bin\Release\net10.0\DiscountManager.Shared.SharedKernel.dll
  DiscountManager.Modules.Customer -> G:\Discount Manager\src\Modules\DiscountManager.Modules.Customer\bin\Release\net10.0\DiscountManager.Modules.Customer.dll
  DiscountManager.Modules.Payment -> G:\Discount Manager\src\Modules\DiscountManager.Modules.Payment\bin\Release\net10.0\DiscountManager.Modules.Payment.dll
  DiscountManager.Modules.Catalog -> G:\Discount Manager\src\Modules\DiscountManager.Modules.Catalog\bin\Release\net10.0\DiscountManager.Modules.Catalog.dll
  DiscountManager.Modules.Search -> G:\Discount Manager\src\Modules\DiscountManager.Modules.Search\bin\Release\net10.0\DiscountManager.Modules.Search.dll
  DiscountManager.Modules.Discount -> G:\Discount Manager\src\Modules\DiscountManager.Modules.Discount\bin\Release\net10.0\DiscountManager.Modules.Discount.dll
  DiscountManager.Modules.Identity -> G:\Discount Manager\src\Modules\DiscountManager.Modules.Identity\bin\Release\net10.0\DiscountManager.Modules.Identity.dll
  DiscountManager.Modules.Basket -> G:\Discount Manager\src\Modules\DiscountManager.Modules.Basket\bin\Release\net10.0\DiscountManager.Modules.Basket.dll
  DiscountManager.Modules.Inventory -> G:\Discount Manager\src\Modules\DiscountManager.Modules.Inventory\bin\Release\net10.0\DiscountManager.Modules.Inventory.dll
  DiscountManager.Modules.Ordering -> G:\Discount Manager\src\Modules\DiscountManager.Modules.Ordering\bin\Release\net10.0\DiscountManager.Modules.Ordering.dll
  DiscountManager.Modules.Storage -> G:\Discount Manager\src\Modules\DiscountManager.Modules.Storage\bin\Release\net10.0\DiscountManager.Modules.Storage.dll
  DiscountManager.Modules.Shops -> G:\Discount Manager\src\Modules\DiscountManager.Modules.Shops\bin\Release\net10.0\DiscountManager.Modules.Shops.dll
  DiscountManager.Bootstrapper -> G:\Discount Manager\src\Bootstrapper\DiscountManager.Bootstrapper\bin\Release\net10.0\DiscountManager.Bootstrapper.dll
  DiscountManager.Tests.Integration -> G:\Discount Manager\tests\DiscountManager.Tests.Integration\bin\Release\net10.0\DiscountManager.Tests.Integration.dll
Test run for G:\Discount Manager\tests\DiscountManager.Tests.Integration\bin\Release\net10.0\DiscountManager.Tests.Integration.dll (.NETCoreApp,Version=v10.0)
VSTest version 18.0.1 (x64)

Starting test execution, please wait...
A total of 1 test files matched the specified pattern.
G:\Discount Manager\tests\DiscountManager.Tests.Integration\bin\Release\net10.0\DiscountManager.Tests.Integration.dll
[xUnit.net 00:00:00.00] xUnit.net VSTest Adapter v3.1.4+50e68bbb8b (64-bit .NET 10.0.1)
[xUnit.net 00:00:00.18]   Discovering: DiscountManager.Tests.Integration
[xUnit.net 00:00:00.25]   Discovered:  DiscountManager.Tests.Integration
[xUnit.net 00:00:00.29]   Starting:    DiscountManager.Tests.Integration
SEEDING ERROR: InvalidOperationException - Services for database providers 'Microsoft.EntityFrameworkCore.SqlServer', 'Microsoft.EntityFrameworkCore.InMemory' have been registered in the service provider. Only a single database provider can be registered in a service provider. If possible, ensure that Entity Framework is managing its service provider by removing the call to 'UseInternalServiceProvider'. Otherwise, consider conditionally registering the database provider, or maintaining one service provider per database provider.
   at Microsoft.EntityFrameworkCore.Internal.DbContextServices.Initialize(IServiceProvider scopedProvider, DbContextOptions contextOptions, DbContext context)
   at Microsoft.EntityFrameworkCore.DbContext.get_ContextServices()
   at Microsoft.EntityFrameworkCore.DbContext.get_Model()
   at Microsoft.EntityFrameworkCore.Internal.InternalDbSet`1.get_EntityType()
   at Microsoft.EntityFrameworkCore.Internal.InternalDbSet`1.CheckState()
   at Microsoft.EntityFrameworkCore.Internal.InternalDbSet`1.get_EntityQueryable()
   at Microsoft.EntityFrameworkCore.Internal.InternalDbSet`1.System.Linq.IQueryable.get_Provider()
   at Microsoft.EntityFrameworkCore.EntityFrameworkQueryableExtensions.ExecuteAsync[TSource,TResult](MethodInfo operatorMethodInfo, IQueryable`1 source, Expression expression, CancellationToken cancellationToken)
   at Microsoft.EntityFrameworkCore.EntityFrameworkQueryableExtensions.ExecuteAsync[TSource,TResult](MethodInfo operatorMethodInfo, IQueryable`1 source, CancellationToken cancellationToken)
   at Microsoft.EntityFrameworkCore.EntityFrameworkQueryableExtensions.AnyAsync[TSource](IQueryable`1 source, CancellationToken cancellationToken)
   at DiscountManager.Bootstrapper.DataSeeder.SeedAsync(IServiceProvider serviceProvider) in G:\Discount Manager\src\Bootstrapper\DiscountManager.Bootstrapper\DataSeeder.cs:line 22
dotnet : [xUnit.net 00:00:01.11]     
DiscountManager.Tests.Integration.Catalog.CatalogControllerTests.CreateProduct_ShouldAddToDatabase [FAIL]
At line:1 char:1
+ dotnet test tests\DiscountManager.Tests.Integration\DiscountManager.T ...
+ ~~~~~~~~~~~~~~~~~~~~~~~~~~~~~~~~~~~~~~~~~~~~~~~~~~~~~~~~~~~~~~~~~~~~~
    + CategoryInfo          : NotSpecified: ([xUnit.net 00:0...Database [FAIL]:String) [], RemoteException
    + FullyQualifiedErrorId : NativeCommandError
 
[xUnit.net 00:00:01.12]       System.InvalidOperationException : Services for database providers 'Microsoft.EntityFrameworkCore.SqlServer', 'Microsoft.EntityFrameworkCore.InMemory' have been registered in the service provider. Only a single database provider can be registered in a service provider. If possible, ensure that Entity Framework is managing its service provider by removing the call to 'UseInternalServiceProvider'. Otherwise, consider conditionally registering the database provider, or maintaining one service provider per database provider.
[xUnit.net 00:00:01.13]       Stack Trace:
[xUnit.net 00:00:01.13]            at Microsoft.EntityFrameworkCore.Internal.DbContextServices.Initialize(IServiceProvider scopedProvider, DbContextOptions contextOptions, DbContext context)
[xUnit.net 00:00:01.13]            at Microsoft.EntityFrameworkCore.DbContext.get_ContextServices()
[xUnit.net 00:00:01.13]            at Microsoft.EntityFrameworkCore.DbContext.get_Model()
[xUnit.net 00:00:01.13]            at Microsoft.EntityFrameworkCore.Internal.InternalDbSet`1.get_EntityType()
[xUnit.net 00:00:01.13]            at Microsoft.EntityFrameworkCore.Internal.InternalDbSet`1.CheckState()
[xUnit.net 00:00:01.13]            at Microsoft.EntityFrameworkCore.Internal.InternalDbSet`1.get_EntityQueryable()
[xUnit.net 00:00:01.13]            at Microsoft.EntityFrameworkCore.Internal.InternalDbSet`1.System.Linq.IQueryable.get_Provider()
[xUnit.net 00:00:01.13]            at Microsoft.EntityFrameworkCore.EntityFrameworkQueryableExtensions.ExecuteAsync[TSource,TResult](MethodInfo operatorMethodInfo, IQueryable`1 source, Expression expression, CancellationToken cancellationToken)
[xUnit.net 00:00:01.13]            at Microsoft.EntityFrameworkCore.EntityFrameworkQueryableExtensions.ExecuteAsync[TSource,TResult](MethodInfo operatorMethodInfo, IQueryable`1 source, CancellationToken cancellationToken)
[xUnit.net 00:00:01.13]            at Microsoft.EntityFrameworkCore.EntityFrameworkQueryableExtensions.AnyAsync[TSource](IQueryable`1 source, CancellationToken cancellationToken)
[xUnit.net 00:00:01.13]         G:\Discount Manager\src\Bootstrapper\DiscountManager.Bootstrapper\DataSeeder.cs(22,0): at DiscountManager.Bootstrapper.DataSeeder.SeedAsync(IServiceProvider serviceProvider)
[xUnit.net 00:00:01.13]         G:\Discount Manager\src\Bootstrapper\DiscountManager.Bootstrapper\Program.cs(108,0): at Program.<Main>$(String[] args)
[xUnit.net 00:00:01.13]            at Program.<Main>(String[] args)
[xUnit.net 00:00:01.13]            at System.Reflection.MethodBaseInvoker.InterpretedInvoke_Method(Object obj, IntPtr* args)
[xUnit.net 00:00:01.13]            at System.Reflection.MethodBaseInvoker.InvokeDirectByRefWithFewArgs(Object obj, Span`1 copyOfArgs, BindingFlags invokeAttr)
[xUnit.net 00:00:01.13]         --- End of stack trace from previous location ---
[xUnit.net 00:00:01.13]            at Microsoft.AspNetCore.Mvc.Testing.DeferredHostBuilder.DeferredHost.StartAsync(CancellationToken cancellationToken)
[xUnit.net 00:00:01.13]            at Microsoft.Extensions.Hosting.HostingAbstractionsHostExtensions.Start(IHost host)
[xUnit.net 00:00:01.13]            at Microsoft.AspNetCore.Mvc.Testing.WebApplicationFactory`1.CreateHost(IHostBuilder builder)
[xUnit.net 00:00:01.13]         G:\Discount Manager\tests\DiscountManager.Tests.Integration\CustomWebApplicationFactory.cs(93,0): at DiscountManager.Tests.Integration.CustomWebApplicationFactory`1.CreateHost(IHostBuilder builder)
[xUnit.net 00:00:01.13]            at Microsoft.AspNetCore.Mvc.Testing.WebApplicationFactory`1.ConfigureHostBuilder(IHostBuilder hostBuilder)
[xUnit.net 00:00:01.13]            at Microsoft.AspNetCore.Mvc.Testing.WebApplicationFactory`1.StartServer()
[xUnit.net 00:00:01.13]            at Microsoft.AspNetCore.Mvc.Testing.WebApplicationFactory`1.CreateDefaultClient(DelegatingHandler[] handlers)
[xUnit.net 00:00:01.13]            at Microsoft.AspNetCore.Mvc.Testing.WebApplicationFactory`1.CreateDefaultClient(Uri baseAddress, DelegatingHandler[] handlers)
[xUnit.net 00:00:01.13]            at Microsoft.AspNetCore.Mvc.Testing.WebApplicationFactory`1.CreateClient(WebApplicationFactoryClientOptions options)
[xUnit.net 00:00:01.13]            at Microsoft.AspNetCore.Mvc.Testing.WebApplicationFactory`1.CreateClient()
[xUnit.net 00:00:01.13]         G:\Discount Manager\tests\DiscountManager.Tests.Integration\Catalog\CatalogControllerTests.cs(36,0): at DiscountManager.Tests.Integration.Catalog.CatalogControllerTests.CreateProduct_ShouldAddToDatabase()
[xUnit.net 00:00:01.13]         --- End of stack trace from previous location ---
SEEDING ERROR: InvalidOperationException - Services for database providers 'Microsoft.EntityFrameworkCore.SqlServer', 'Microsoft.EntityFrameworkCore.InMemory' have been registered in the service provider. Only a single database provider can be registered in a service provider. If possible, ensure that Entity Framework is managing its service provider by removing the call to 'UseInternalServiceProvider'. Otherwise, consider conditionally registering the database provider, or maintaining one service provider per database provider.
   at Microsoft.EntityFrameworkCore.Internal.DbContextServices.Initialize(IServiceProvider scopedProvider, DbContextOptions contextOptions, DbContext context)
   at Microsoft.EntityFrameworkCore.DbContext.get_ContextServices()
   at Microsoft.EntityFrameworkCore.DbContext.get_Model()
   at Microsoft.EntityFrameworkCore.Internal.InternalDbSet`1.get_EntityType()
   at Microsoft.EntityFrameworkCore.Internal.InternalDbSet`1.CheckState()
   at Microsoft.EntityFrameworkCore.Internal.InternalDbSet`1.get_EntityQueryable()
   at Microsoft.EntityFrameworkCore.Internal.InternalDbSet`1.System.Linq.IQueryable.get_Provider()
   at Microsoft.EntityFrameworkCore.EntityFrameworkQueryableExtensions.ExecuteAsync[TSource,TResult](MethodInfo operatorMethodInfo, IQueryable`1 source, Expression expression, CancellationToken cancellationToken)
   at Microsoft.EntityFrameworkCore.EntityFrameworkQueryableExtensions.ExecuteAsync[TSource,TResult](MethodInfo operatorMethodInfo, IQueryable`1 source, CancellationToken cancellationToken)
   at Microsoft.EntityFrameworkCore.EntityFrameworkQueryableExtensions.AnyAsync[TSource](IQueryable`1 source, CancellationToken cancellationToken)
   at DiscountManager.Bootstrapper.DataSeeder.SeedAsync(IServiceProvider serviceProvider) in G:\Discount Manager\src\Bootstrapper\DiscountManager.Bootstrapper\DataSeeder.cs:line 22
[xUnit.net 00:00:01.22]     
DiscountManager.Tests.Integration.Catalog.CatalogControllerTests.GetProducts_ShouldReturnSuccess [FAIL]
[xUnit.net 00:00:01.22]       System.InvalidOperationException : Services for database providers 'Microsoft.EntityFrameworkCore.SqlServer', 'Microsoft.EntityFrameworkCore.InMemory' have been registered in the service provider. Only a single database provider can be registered in a service provider. If possible, ensure that Entity Framework is managing its service provider by removing the call to 'UseInternalServiceProvider'. Otherwise, consider conditionally registering the database provider, or maintaining one service provider per database provider.
[xUnit.net 00:00:01.22]       Stack Trace:
[xUnit.net 00:00:01.22]            at Microsoft.EntityFrameworkCore.Internal.DbContextServices.Initialize(IServiceProvider scopedProvider, DbContextOptions contextOptions, DbContext context)
[xUnit.net 00:00:01.22]            at Microsoft.EntityFrameworkCore.DbContext.get_ContextServices()
[xUnit.net 00:00:01.22]            at Microsoft.EntityFrameworkCore.DbContext.get_Model()
[xUnit.net 00:00:01.22]            at Microsoft.EntityFrameworkCore.Internal.InternalDbSet`1.get_EntityType()
[xUnit.net 00:00:01.22]            at Microsoft.EntityFrameworkCore.Internal.InternalDbSet`1.CheckState()
[xUnit.net 00:00:01.22]            at Microsoft.EntityFrameworkCore.Internal.InternalDbSet`1.get_EntityQueryable()
[xUnit.net 00:00:01.22]            at Microsoft.EntityFrameworkCore.Internal.InternalDbSet`1.System.Linq.IQueryable.get_Provider()
[xUnit.net 00:00:01.22]            at Microsoft.EntityFrameworkCore.EntityFrameworkQueryableExtensions.ExecuteAsync[TSource,TResult](MethodInfo operatorMethodInfo, IQueryable`1 source, Expression expression, CancellationToken cancellationToken)
[xUnit.net 00:00:01.22]            at Microsoft.EntityFrameworkCore.EntityFrameworkQueryableExtensions.ExecuteAsync[TSource,TResult](MethodInfo operatorMethodInfo, IQueryable`1 source, CancellationToken cancellationToken)
[xUnit.net 00:00:01.22]            at Microsoft.EntityFrameworkCore.EntityFrameworkQueryableExtensions.AnyAsync[TSource](IQueryable`1 source, CancellationToken cancellationToken)
[xUnit.net 00:00:01.22]         G:\Discount Manager\src\Bootstrapper\DiscountManager.Bootstrapper\DataSeeder.cs(22,0): at DiscountManager.Bootstrapper.DataSeeder.SeedAsync(IServiceProvider serviceProvider)
[xUnit.net 00:00:01.22]         G:\Discount Manager\src\Bootstrapper\DiscountManager.Bootstrapper\Program.cs(108,0): at Program.<Main>$(String[] args)
[xUnit.net 00:00:01.22]            at Program.<Main>(String[] args)
[xUnit.net 00:00:01.22]            at InvokeStub_Program.<Main>(Object, Span`1)
[xUnit.net 00:00:01.22]            at System.Reflection.MethodBaseInvoker.InvokeWithOneArg(Object obj, BindingFlags invokeAttr, Binder binder, Object[] parameters, CultureInfo culture)
[xUnit.net 00:00:01.22]         --- End of stack trace from previous location ---
[xUnit.net 00:00:01.22]            at Microsoft.AspNetCore.Mvc.Testing.DeferredHostBuilder.DeferredHost.StartAsync(CancellationToken cancellationToken)
[xUnit.net 00:00:01.22]            at Microsoft.Extensions.Hosting.HostingAbstractionsHostExtensions.Start(IHost host)
[xUnit.net 00:00:01.22]            at Microsoft.AspNetCore.Mvc.Testing.WebApplicationFactory`1.CreateHost(IHostBuilder builder)
[xUnit.net 00:00:01.22]         G:\Discount Manager\tests\DiscountManager.Tests.Integration\CustomWebApplicationFactory.cs(93,0): at DiscountManager.Tests.Integration.CustomWebApplicationFactory`1.CreateHost(IHostBuilder builder)
[xUnit.net 00:00:01.22]            at Microsoft.AspNetCore.Mvc.Testing.WebApplicationFactory`1.ConfigureHostBuilder(IHostBuilder hostBuilder)
[xUnit.net 00:00:01.22]            at Microsoft.AspNetCore.Mvc.Testing.WebApplicationFactory`1.StartServer()
[xUnit.net 00:00:01.22]            at Microsoft.AspNetCore.Mvc.Testing.WebApplicationFactory`1.CreateDefaultClient(DelegatingHandler[] handlers)
[xUnit.net 00:00:01.22]            at Microsoft.AspNetCore.Mvc.Testing.WebApplicationFactory`1.CreateDefaultClient(Uri baseAddress, DelegatingHandler[] handlers)
[xUnit.net 00:00:01.22]            at Microsoft.AspNetCore.Mvc.Testing.WebApplicationFactory`1.CreateClient(WebApplicationFactoryClientOptions options)
[xUnit.net 00:00:01.22]            at Microsoft.AspNetCore.Mvc.Testing.WebApplicationFactory`1.CreateClient()
[xUnit.net 00:00:01.22]         G:\Discount Manager\tests\DiscountManager.Tests.Integration\Catalog\CatalogControllerTests.cs(21,0): at DiscountManager.Tests.Integration.Catalog.CatalogControllerTests.GetProducts_ShouldReturnSuccess()
[xUnit.net 00:00:01.22]         --- End of stack trace from previous location ---
[xUnit.net 00:00:01.23]   Finished:    DiscountManager.Tests.Integration
  Failed DiscountManager.Tests.Integration.Catalog.CatalogControllerTests.CreateProduct_ShouldAddToDatabase [762 ms]
  Error Message:
   System.InvalidOperationException : Services for database providers 'Microsoft.EntityFrameworkCore.SqlServer', 'Microsoft.EntityFrameworkCore.InMemory' have been registered in the service provider. Only a single database provider can be registered in a service provider. If possible, ensure that Entity Framework is managing its service provider by removing the call to 'UseInternalServiceProvider'. Otherwise, consider conditionally registering the database provider, or maintaining one service provider per database provider.
  Stack Trace:
     at Microsoft.EntityFrameworkCore.Internal.DbContextServices.Initialize(IServiceProvider scopedProvider, DbContextOptions contextOptions, DbContext context)
   at Microsoft.EntityFrameworkCore.DbContext.get_ContextServices()
   at Microsoft.EntityFrameworkCore.DbContext.get_Model()
   at Microsoft.EntityFrameworkCore.Internal.InternalDbSet`1.get_EntityType()
   at Microsoft.EntityFrameworkCore.Internal.InternalDbSet`1.CheckState()
   at Microsoft.EntityFrameworkCore.Internal.InternalDbSet`1.get_EntityQueryable()
   at Microsoft.EntityFrameworkCore.Internal.InternalDbSet`1.System.Linq.IQueryable.get_Provider()
   at Microsoft.EntityFrameworkCore.EntityFrameworkQueryableExtensions.ExecuteAsync[TSource,TResult](MethodInfo operatorMethodInfo, IQueryable`1 source, Expression expression, CancellationToken cancellationToken)
   at Microsoft.EntityFrameworkCore.EntityFrameworkQueryableExtensions.ExecuteAsync[TSource,TResult](MethodInfo operatorMethodInfo, IQueryable`1 source, CancellationToken cancellationToken)
   at Microsoft.EntityFrameworkCore.EntityFrameworkQueryableExtensions.AnyAsync[TSource](IQueryable`1 source, CancellationToken cancellationToken)
   at DiscountManager.Bootstrapper.DataSeeder.SeedAsync(IServiceProvider serviceProvider) in G:\Discount Manager\src\Bootstrapper\DiscountManager.Bootstrapper\DataSeeder.cs:line 22
   at Program.<Main>$(String[] args) in G:\Discount Manager\src\Bootstrapper\DiscountManager.Bootstrapper\Program.cs:line 108
   at Program.<Main>(String[] args)
   at System.Reflection.MethodBaseInvoker.InterpretedInvoke_Method(Object obj, IntPtr* args)
   at System.Reflection.MethodBaseInvoker.InvokeDirectByRefWithFewArgs(Object obj, Span`1 copyOfArgs, BindingFlags invokeAttr)
--- End of stack trace from previous location ---
   at Microsoft.AspNetCore.Mvc.Testing.DeferredHostBuilder.DeferredHost.StartAsync(CancellationToken cancellationToken)
   at Microsoft.Extensions.Hosting.HostingAbstractionsHostExtensions.Start(IHost host)
   at Microsoft.AspNetCore.Mvc.Testing.WebApplicationFactory`1.CreateHost(IHostBuilder builder)
   at DiscountManager.Tests.Integration.CustomWebApplicationFactory`1.CreateHost(IHostBuilder builder) in G:\Discount Manager\tests\DiscountManager.Tests.Integration\CustomWebApplicationFactory.cs:line 93
   at Microsoft.AspNetCore.Mvc.Testing.WebApplicationFactory`1.ConfigureHostBuilder(IHostBuilder hostBuilder)
   at Microsoft.AspNetCore.Mvc.Testing.WebApplicationFactory`1.StartServer()
   at Microsoft.AspNetCore.Mvc.Testing.WebApplicationFactory`1.CreateDefaultClient(DelegatingHandler[] handlers)
   at Microsoft.AspNetCore.Mvc.Testing.WebApplicationFactory`1.CreateDefaultClient(Uri baseAddress, DelegatingHandler[] handlers)
   at Microsoft.AspNetCore.Mvc.Testing.WebApplicationFactory`1.CreateClient(WebApplicationFactoryClientOptions options)
   at Microsoft.AspNetCore.Mvc.Testing.WebApplicationFactory`1.CreateClient()
   at DiscountManager.Tests.Integration.Catalog.CatalogControllerTests.CreateProduct_ShouldAddToDatabase() in G:\Discount Manager\tests\DiscountManager.Tests.Integration\Catalog\CatalogControllerTests.cs:line 36
--- End of stack trace from previous location ---
  Failed DiscountManager.Tests.Integration.Catalog.CatalogControllerTests.GetProducts_ShouldReturnSuccess [104 ms]
  Error Message:
   System.InvalidOperationException : Services for database providers 'Microsoft.EntityFrameworkCore.SqlServer', 'Microsoft.EntityFrameworkCore.InMemory' have been registered in the service provider. Only a single database provider can be registered in a service provider. If possible, ensure that Entity Framework is managing its service provider by removing the call to 'UseInternalServiceProvider'. Otherwise, consider conditionally registering the database provider, or maintaining one service provider per database provider.
  Stack Trace:
     at Microsoft.EntityFrameworkCore.Internal.DbContextServices.Initialize(IServiceProvider scopedProvider, DbContextOptions contextOptions, DbContext context)
   at Microsoft.EntityFrameworkCore.DbContext.get_ContextServices()
   at Microsoft.EntityFrameworkCore.DbContext.get_Model()
   at Microsoft.EntityFrameworkCore.Internal.InternalDbSet`1.get_EntityType()
   at Microsoft.EntityFrameworkCore.Internal.InternalDbSet`1.CheckState()
   at Microsoft.EntityFrameworkCore.Internal.InternalDbSet`1.get_EntityQueryable()
   at Microsoft.EntityFrameworkCore.Internal.InternalDbSet`1.System.Linq.IQueryable.get_Provider()
   at Microsoft.EntityFrameworkCore.EntityFrameworkQueryableExtensions.ExecuteAsync[TSource,TResult](MethodInfo operatorMethodInfo, IQueryable`1 source, Expression expression, CancellationToken cancellationToken)
   at Microsoft.EntityFrameworkCore.EntityFrameworkQueryableExtensions.ExecuteAsync[TSource,TResult](MethodInfo operatorMethodInfo, IQueryable`1 source, CancellationToken cancellationToken)
   at Microsoft.EntityFrameworkCore.EntityFrameworkQueryableExtensions.AnyAsync[TSource](IQueryable`1 source, CancellationToken cancellationToken)
   at DiscountManager.Bootstrapper.DataSeeder.SeedAsync(IServiceProvider serviceProvider) in G:\Discount Manager\src\Bootstrapper\DiscountManager.Bootstrapper\DataSeeder.cs:line 22
   at Program.<Main>$(String[] args) in G:\Discount Manager\src\Bootstrapper\DiscountManager.Bootstrapper\Program.cs:line 108
   at Program.<Main>(String[] args)
   at InvokeStub_Program.<Main>(Object, Span`1)
   at System.Reflection.MethodBaseInvoker.InvokeWithOneArg(Object obj, BindingFlags invokeAttr, Binder binder, Object[] parameters, CultureInfo culture)
--- End of stack trace from previous location ---
   at Microsoft.AspNetCore.Mvc.Testing.DeferredHostBuilder.DeferredHost.StartAsync(CancellationToken cancellationToken)
   at Microsoft.Extensions.Hosting.HostingAbstractionsHostExtensions.Start(IHost host)
   at Microsoft.AspNetCore.Mvc.Testing.WebApplicationFactory`1.CreateHost(IHostBuilder builder)
   at DiscountManager.Tests.Integration.CustomWebApplicationFactory`1.CreateHost(IHostBuilder builder) in G:\Discount Manager\tests\DiscountManager.Tests.Integration\CustomWebApplicationFactory.cs:line 93
   at Microsoft.AspNetCore.Mvc.Testing.WebApplicationFactory`1.ConfigureHostBuilder(IHostBuilder hostBuilder)
   at Microsoft.AspNetCore.Mvc.Testing.WebApplicationFactory`1.StartServer()
   at Microsoft.AspNetCore.Mvc.Testing.WebApplicationFactory`1.CreateDefaultClient(DelegatingHandler[] handlers)
   at Microsoft.AspNetCore.Mvc.Testing.WebApplicationFactory`1.CreateDefaultClient(Uri baseAddress, DelegatingHandler[] handlers)
   at Microsoft.AspNetCore.Mvc.Testing.WebApplicationFactory`1.CreateClient(WebApplicationFactoryClientOptions options)
   at Microsoft.AspNetCore.Mvc.Testing.WebApplicationFactory`1.CreateClient()
   at DiscountManager.Tests.Integration.Catalog.CatalogControllerTests.GetProducts_ShouldReturnSuccess() in G:\Discount Manager\tests\DiscountManager.Tests.Integration\Catalog\CatalogControllerTests.cs:line 21
--- End of stack trace from previous location ---

Test Run Failed.
Total tests: 2
     Failed: 2
 Total time: 2.1179 Seconds
